{"u_token":"ZNiazy7vEQTp9CWXEz6rkC36kCEoBRzi","part_number":"MAX232ESE","manufacturer":"Analog Devices","mode":"place-part","plugin":".snap","source":"https://www.snapeda.com"}